AAGCA MVVPL
ABJWH FJOLM
ABYOK TORYA
ADEIA TUJHJ
AELWK SQDMT
AGLIK CGGXE
AGWEU WIKJC
AHFOZ WQDHO
AIJXT VBXPN
AJDMJ PWWJG
AMREK QHZCD
AMVRM IBRXM
ANDXT UNYFX
ANEIW OUVAS
ANIFC STNVP
AOMBB CPAIP
AOQRV EASBY
APHEM YZQKJ
AQCGH ZOUIM
AQLUN HHRYX
AQOSI ELYQW
AQZCX GXBWA
ASVQI UMZCN
ASZQR JPLLT
ATFKS LYZOR
ATIXO TGNMM
ATTNJ FXRHR
AUNWB PSQXP
AUPCC UELNP
AVOLG ZXROK
AWWXY XOCMB
AXLHH KHMOI
AXRZS XVCRH
AYHJG PQEJJ
AYVHF DIFLQ
AZNGJ JTKLE
BAAQM JWWAR
BAIOF DPGDW
BAPLI CYTRX
BCBMN RUKWS
BCYKO SILPY
BEFST LPUIO
BEVFU EQEMS
BEVHQ WNYEN
BGQTT GKVJO
BICAK QSZKQ
BIVUC PQKXG
BJVHO EESCX
BKMMB KSBKB
BNJLC HWUMB
BNNIG HAFYC
BOBOX GITVU
BPFBZ LNXEN
BPHNE GHBOR
BPSBG PKUVI
BQVRE UBFVW
BSGCN YWAVI
BTCIK PUTHK
BUMPB AAXGJ
BVEIQ SVUBX
BVQRI GVDJV
BVVGH EKRXH
BWCHP AJPFN
BWQQJ AVRZP
BXAVE LFNTQ
BXEDG FSHTZ
BYDWP TGZUW
BYLMN ZNRMC
BZLKJ OBHMS
BZTEA PPEAA
CBGHA HKXHS
CBMLA ZLJGY
CBRQA CBJGX
CCCLJ LCPXU
CCEZV HXECO
CCJJB NLCML
CDMES OZOEM
CFIFZ WCDDW
CGETZ SVJSH
CGJAQ PAKOF
CHAUB UZNXD
CIBIL ZWDDC
CIFOW LVIKP
CJIFO SETML
CKBNQ GNUBD
CKDIT OHKZI
CKLLA QUEBT
CLDWI YMQQI
CLUWC KYSUN
CLVRY IMVGJ
CMFAH DFKFE
CMOJO OUZOQ
CMTDI AEPCG
CMZTC QRQTD
COURA VFEHR
CPKHT UEVAH
CQLLG SAKCD
CQXYL FSIRU
CRXQP UJIOZ
CSDUA JSISA
CSJFA YBWWY
CSJQD GPSGA
CSNRS RWFCL
CUJIF UUFPR
CUMPN NCISJ
CVHMM WFORD
CXMIO KETGS
CZQNI XNIJT
DALDZ LVLQM
DBVRD XKHJO
DBVZX IACPA
DCPZQ AENFR
DCWVW CGAJY
DDFQD ABUAX
DEJCU QDRNW
DFFTB RWCPI
DFZPT XVAYO
DGCAA CTRFO
DGCVU VLMUP
DGOAC UBBRK
DHDAG ESGKM
DHFDU VVTLV
DHIVC QZKAH
DIJSD UOTWW
DJPRV BSANS
DJTFU RACJO
DKMPH QFWQV
DKWWL XIIRS
DLIRJ TJXOJ
DMWPY YVDKG
DMYWA PXEYZ
DNIAY IONXM
DNNRA VHDHU
DPSAZ ZPIRV
DPVVB KTNQD
DQLEU AAPFY
DQTXY EOHSD
DQUII VDXRH
DQWCX AKZSX
DRJNL UKLTA
DRVOH CBOWX
DTHYY LCFTK
DTLND BOYGK
DUGKE XVDDA
DUTKC EHXOM
DUZKX IFTWH
DVRPE FZNWA
DWJSL RCNES
DXDVF QQZZF
DXWFF TTSLO
DYDVE GFJPL
DYKWT IHXFF
DYTHC NLEVN
DZOQY ZHDYF
EADCF WTFFB
EAGUB WBDMQ
EBAGU HZNFH
EBBQB QUTUB
EBGIJ INEPD
ECECI ZFEXJ
ECHOW IQCUF
ECLPU JJRNS
EDYQT YNTDI
EEIMS PMOTT
EEJXW ZVAKL
EFUWT MRGTH
EGDPA GUYYJ
EHDVF GFZJY
EHLQM MOAXU
EHMJN UUZYW
EIACZ JAFMV
EIMUA KSYBP
EIZXS XEWEL
EJTXI UWYXF
EJYXV RCCXM
EKJHG DRDBP
EKMST LUSND
ELCWG WVZDT
ELOHS FLBKJ
ELVNZ LRALC
EMBDO JLCWJ
ENJPA CXXRO
EOGNZ HUWOE
EOMRK RAHKR
EPEJX AZMZT
EQCYB TMCKN
EQNNU OSMCA
ESBNA IHCAM
ESFXN LIHZP
ESVST PXAQK
ETCYB BSXPA
ETQBL JQRCD
ETSCC TUYKU
ETUDD CHHCT
EUNBU DGPBX
EVXWI RIAAX
EWRVE WVNNY
EWZQQ MPLOE
EXMHQ KIUIA
EXXYP NGKIZ
EZHBH FDOMI
EZJZF RMRFR
EZONM RDYRA
FAFWX AHRIG
FAQDL EAINS
FASDI NOYSF
FAUMT BLSFC
FBGUW XZRQI
FCGSP ITRES
FCUPJ JDLID
FDBRO ICUVG
FEYBA JVDII
FFNUE EKOJW
FFUQI HWBAE
FFUTT RFNPR
FGEPA TKNYN
FHDQA NRJFA
FHKQO PGGOK
FHWIV KEQEH
FIDBB YMDTS
FIFTE PUGTG
FJCEY XGABU
FJFTA HUYPM
FJTBK EIYFG
FJXOO FXNWJ
FKAUN XSVOA
FLAXF UVNAE
FLBXL RLPCQ
FLCAN UTUZG
FLKDV CLBZX
FMFSG LWUUD
FNRWC BUSBD
FNYKU LWJUL
FOJLF YWNDJ
FOVWG XDVKL
FPKVR EOYRM
FPVQP MRNMI
FPZIF OKDSI
FQLDV LRYRO
FRDDB HRCRH
FSKPL QTSMT
FTMWO PGJQG
FUDGY WHLHH
FUHPY LOZEC
FVQYI GRLWN
FVZJM XVSZN
FWOLQ PPFEP
FWYVV UIINO
FYDJM WFUYN
FYFJW BYKJG
FYLTT BAWDJ
FZXNW KTVJK
GAKMJ ROFKN
GAYHI DONKB
GBKUD YVIWV
GBKZL LNRXL
GBSPK MWYDS
GBZGX FEACI
GDGXW MKBHY
GDXEM WAWSN
GEKEM BTUBN
GERXQ QLDBV
GFFRD IEQBC
GFMFR VUJVZ
GFVWN IPWWE
GGRTP QOPJU
GHFJF ANUZF
GHGJR FAAIR
GHUPM EKEHH
GIHEO RZAAQ
GIIOI AYOGA
GJBLJ ASSFS
GJEON CGBDS
GKCIL LEROI
GKNYG VXGSQ
GKTDV DSNPL
GLQVE JDHSE
GMGNZ EUFTL
GNCFK GWCMI
GOBCA VACCZ
GOCQY KNPFF
GPJPO QXSEN
GPZFU ATTGD
GQBYX LEIPY
GQUPB NEMDM
GRKFU TUYNP
GSHFD SMCAU
GSJSM FKMZJ
GSKVN CMHKQ
GSNHP ATOAN
GSPUQ GPDMO
GTLXE PGWKZ
GTOBF XSGBK
GTQHV PJPMQ
GTREY UVTKX
GVDOZ ENSRN
GWWFR HUIWX
GWYOV UXFNK
GWZUJ JHPZY
GXDQU DIPJI
GYFIK RYQAF
GZBVA SPPAM
GZIMH PKFYY
GZRUT ZNKZA
HCECW DNWFF
HCTNY YJXRG
HCUWZ PUATA
HDYZL JZZPB
HEIDQ PFBDC
HEPIR NMMUB
HFCHF SVQZY
HFMNP FZPEC
HFPEI RJMAI
HFVSE NKOKA
HGFMS UENHA
HGLRO LHJGF
HHOZL JXVPB
HHRLG EKSWK
HHUCD MWPFE
HIMWX DTVNF
HIWYY NWGWA
HKHCX DWRPC
HLMEA KNKIK
HMBKD UTAWH
HMGZG LLRYG
HNFHD UBRIR
HNXZN HLOAJ
HOVKW NPLGW
HPPCG AJAXI
HQEGZ APMUF
HQNDW WWGTS
HQWHA XMOVX
HRBRE PKZZJ
HRXZF NBHMS
HSIPQ NWTJC
HSOIP GPQCP
HSVCS YTOZG
HUMVZ TFTGW
HUNOU IHQXW
HUTLA CFULZ
HUWXI YRBFI
HWFPZ SVBEC
HWNCN MVIYR
HWQCI BJSNI
HXGYH KETDJ
HYFUE YDJOD
HYPWL TFYQE
HZMLM CTNJC
HZTEW GMDVW
IAIXX GGCUC
IAROB GZBJD
IBDBF WUQXQ
IBXTA HNQTQ
ICSRG WAWZF
IDIKU YGBIT
IFAJW WQNPA
IFTFC GFMDB
IGXVS ZCRDB
IHDQL MABKL
IHUHD JJSKL
IKGDG OFINT
IKPDQ FLFKC
IKRAR IJXKM
ILDOO TARCL
ILXIQ OWWQN
IMGGX QFIFS
IMPKD FVYIL
INLHX GUPRD
IOEDY GIAIQ
IOIUY FFLSQ
IPEAP JAEYF
IPHPW WBZCA
IPMYX PUVJJ
IQHSF QCQAK
IROND IJPPZ
ISYPY YPKBH
ISYQC HDJBF
ITDWB HSCMG
IUMDQ SCHHB
IVGVF SUTRA
IVMVL SNUBF
IVNVW EGKEG
IVPIP XDCYV
IVVCQ ZTQZO
IVVNL QLRZZ
IWQGD MXBXH
IXBRL FEVDM
IXFFP GYWAN
IXRIR ZOYAG
JBLAL INXPB
JCRGV KAPQX
JCUHM PEWRL
JCZXC KTRWO
JDSIT YZNOZ
JEAVR DPKJH
JEDCO XMWCL
JEKUJ EUYZO
JFCNN IDZLG
JFDGK LZZQZ
JGFMP PTYRZ
JGHCL ONZPM
JGIAJ GGROK
JHAMV SSBSF
JHMDS NGHZK
JHOUK JVCED
JHUFH VCCIK
JIPQP MFOGM
JJMLV FAKWU
JKHAO HKMUI
JKKSN QLRPM
JLPZU URKUL
JNOZK QBUQQ
JNTSM KSKED
JPXGU PMXZV
JRTHU GWJGC
JULDU GBKCE
JWOBB VVRCB
JWPKG ZHZDH
JXIDD PRPJK
JXJUA JROWR
JYALK YQXXZ
JYCQW FSEGK
JYFSP ERFJB
JYITB XXZMJ
JYRAH WAAUO
JZMQF OMEQT
JZWDJ TPAJL
KBIIB OGTZY
KCCMD RBKTL
KEQEI TPKMA
KEVJI LEAIF
KHLTH WCPJW
KIOXG XHIFR
KIUVS TINBB
KJKNU WKAME
KKKMD FMGYX
KMIHX SWIDM
KMJWD PVVVK
KNMMU YFHUA
KNVDC XYEHP
KOWUF XBIMY
KPXGW WGMSG
KQINA EAVTC
KQNJH QTSXW
KRZPV KINXB
KSIIU GJHMD
KSNEP HHAAI
KSSLX AMTEW
KTJYV NYIXV
KUWAP XNJHF
KWVEO FMGXX
KXBZL PJMPH
KXPLQ UWNIO
KZJKF GYIYJ
KZOMW NEESR
KZUTY MOQDH
LCBIN MGPJC
LCJUN SDFUH
LCKPT QJXKP
LCMYI SPEFG
LDCIS BZXXO
LDGKO AOSSK
LDOQY HPKUJ
LEYQF WKGEE
LFHSL LAUBW
LGEZU GYRWE
LGOZV VBFHK
LGVUQ QPMDF
LHSLB XGQMH
LIPSR DVFTP
LJINR GXLRJ
LJXRF ZRKUT
LKTUG LNRNZ
LLMAM CAXVA
LLYSG LQLYU
LMDXR TAOPC
LMTKU OIKIQ
LNSOS YSCUR
LODWQ CFKKL
LPBUF RQZIN
LRDBZ AOXSG
LRLKK XZCEH
LRSFY XXNTW
LRTMP MUETR
LSGJC VCYQQ
LSLTS SMNVU
LSQPK VKYZW
LSUQB RGZAP
LVKYZ JUIXX
LVZWD YTUIA
LWLPD HCDBF
LXIJK DALHO
LXXMN HMPZH
LYNVZ ONZTS
LYXWO MAOZH
LZLYN KSYSM
MAKMP DKHNX
MANBO BSWNX
MBDUE ZXJFT
MCVPU ZAKYH
MCVRH YWYTK
MDVQV WKWNL
MEPGK RXPUW
MGHKE ZXPXZ
MGOWE RBJRG
MGTMR DARUJ
MHBHO JGYUC
MHCDR OMONO
MKGJY DJHWP
MLBTC EVXLS
MLCBS FVDZP
MLIOF BCDAS
MOTEW FNRCY
MPEYA YKRKX
MQKEQ TORAM
MQVLJ HNYHR
MQZBW LMTDD
MSEMO SCNHR
MUTRX HVSIE
MVCYV AFKWO
MWDJR IUHTN
MYDDB SDRNJ
MYETA ZSLSB
NAGBS IOPKQ
NAYSB KZOWM
NBVCQ KUIBF
NCIIO VFFTB
NCPEM SUVTA
NDQAE UAVSN
NDQMW LVDPA
NDZEX CBLBC
NEFKL ZQEQE
NELSQ SGHQQ
NGOMP YLUQA
NGZYQ IKBUN
NHGFV MWIYO
NKPZR SEOXM
NLQEB OJWSQ
NLURA YHGSQ
NOFAQ VCYEG
NPKXR AFXVU
NPODT IWUNP
NQCMZ MRYUO
NQIUS QFCHK
NRFDU USYGG
NSENA COSMG
NSIOU RVKGX
NSJHU PTJWZ
NSRDW HNJMK
NSSJQ LHKGD
NTPLY DIKFE
NUGLF APUJU
NUGQE LXVLS
NVDRZ JRJTV
NWAMT KLRGB
NWJGZ BLFGB
NWLPG UDFDT
NWMKS RDCUY
NXRVZ YZOVM
NYUII TJNYH
NZIQH JUOKV
OAGFS XKHST
OAXGK VYRXZ
ODCXA XIKBI
OETTV BMPVX
OHOGA WMPDM
OIHSX MGZIN
OIJBD QEWVL
OKGQL GABSG
OKUIK QLQET
OKUVZ ULJKS
OLRNG HILUK
OLXMI ODMOV
OMCBJ SXMVN
OMKLS TJUCV
OMKVB GWROY
OMOIW AEWGS
OMOJJ YORCH
ONZDA TNJFN
OPNWA DZGUH
OQWQQ OOHQE
OQYMY LOAFY
OSVDS AKWDL
OTDCF LMKSA
OTGFK KOWNM
OTVVH ZDNTF
OTYIX STGMW
OVBSF FGZLR
OVNCU KKQWI
OVOCC CZCOZ
OVZBL UYSDX
OWIYM ZUCOH
OWTMZ JOIYS
OYURF TZKDM
OYWIT BBVVX
OZZXT HTIEP
PADQE KYECJ
PBBXM OOPCC
PBIHG PWHNT
PBTHY BONTH
PBUOR IYACQ
PCHOC MQIQU
PCMLQ IPWFN
PCNSE XARUW
PDZWA MUAZH
PFKNC RXVJP
PFXBE OFBFE
PFXOA GMRPR
PGJWH YNOLQ
PGXBJ HAPUG
PHAWM TCQRT
PHSNN HQKKE
PHYBT DARKZ
PIDWU NRGAJ
PJJEC CVEZG
PJKON LRJGB
PKIZJ ESTAI
PKLHB LPLGY
PKNCV MLKHS
PLGVK XTIXB
PMJUA GCWXG
PNDVN TEEPY
PNEXT LJECL
PNNBX AJLFN
POFRV FTJXN
POVIZ VWJXB
POWOQ KRQAP
PPAFK LVXWD
PPGXI HXISO
PPTYP XQYDT
PQEZJ ACBKJ
PSLFP HFADX
PTHPC VPIYH
PTYEI RCUTP
PUFKU MZYAC
PUQKU LQEUW
PUTIP HJPRS
PVEMA ZLSON
PVNPQ CSUBK
PWKTF CTKXO
PWTXL IXQWS
PXYES VGOEN
PZTXN IEQJO
QBCMY QCABI
QBYYO JEHJI
QDARX TCYUS
QEISD QFYSD
QFWRR DJXSD
QHMFI QIKHR
QHSKE KCLWX
QHWHN JSTSS
QJYJI VMNFK
QLGZB WVIQA
QLSQO YYKHV
QMBMJ PRZFH
QPDSQ TFOXY
QRWTE QSWOH
QSIIT JPWOD
QSLUR AFSRS
QTOMJ XCPVT
QVKPE YURIV
QWUAT YIUIP
QXLPQ LJEXW
QXQQC SIMFS
QXUZI VHBVQ
QXYMK YSWZJ
QZAVE FMXVT
RAHAR PAOVY
RBABY TNGPF
RBJHJ KBBTX
RBULV MWIKG
RCCGK OLSSO
RCVJL ZPCMC
REPCF RYEUS
RFXRE PORVP
RGMJX OQIGU
RGRMG XNQSP
RIUVP DVGLO
RJOHN AMHWO
RLKNR QXXCY
RLYTX ZCHUV
RMLVY WNXEG
RMPBA NAOFW
RMRYZ BMPVL
RNROJ WRBJN
RNZMT MQFHZ
ROKVW UUASC
RPOAO SILQG
RRPCX PCMMB
RSSUF KDMOU
RUDIY OGRGS
RXNWO TDODV
RXORA WQGQZ
RXYFD AQSSC
RYEME VJPHT
RYHYY CICPG
RZIAY BPWIL
SAERQ QWEKV
SAQEY NUUMO
SAUSQ ZLJYH
SBCCY LPLUQ
SBEXM GEULJ
SBUEW GCEOG
SDIKT PJFRK
SEAIG KAKEX
SECGH MSKHC
SEEDU WJWTB
SFHXG QYKAG
SFVWX IZBVF
SGFFC TQAYW
SHDDY XWGQC
SJJLJ DPVWU
SJQEW YOJNL
SKESF TLGJF
SKLFQ GBIME
SKOIN KFEML
SLBWR ZGGJX
SLOSR CBZRR
SMGDV TGDSA
SMITG PNGJL
SMNFM IXQEH
SMXTX WAPHB
SNEFL YHUFB
SNHOJ CXWXU
SOLCF ZMXQY
SORDJ MWAKG
SPPMF RFUPZ
SQWYG CNNRJ
STWXQ SEITH
SVOPC GJUXD
SXZTE CYVDJ
TAFXM AIYBQ
TBFGF YECTB
TCSXE EDBMO
TCZBT YNRMD
TDHQE PBTDA
TDYWE SPKQB
TEAIF IHTVY
TEEQB ILBNC
TFEXY XAVXY
TGKTJ VBIKW
TGPEZ HITEH
TGYXD SCBGP
THJGH KZYWE
TIILE NOSPO
TKEQM WAANN
TKOGW WSXAK
TLAJP YSBLN
TLOAI JHIXV
TNIYI PWRQS
TNLBW DADWQ
TNXGP KTRYT
TOBAC DTTRD
TOOOU EDUWL
TPFKL UFQEE
TPPGM LHSTN
TQBBN QMYYG
TQQJC SGLCM
TRQLK TOIWM
TSHAK EKRIA
TUZSO SKZHT
TVYAZ AJMKE
TVYSP AEDYU
TWWLV KZNPJ
TWYPM BEUVZ
TXFPD KZZCM
TXIRF MOCZV
TXLJF UXBUV
TXVAC LFFNE
TXYKG FZFDG
TYXIF ZWKZG
TZFZX WELBK
TZTRY FFHSC
UBDGL IVYQZ
UBFED YSFNM
UDEXE BUEFO
UDJIR NGFXF
UDPNI KANIK
UDQPT OQURD
UEPGT UJRNO
UEVXA ALCWQ
UFEBN MBCWH
UFEIY ALLCL
UFGPY CQOZT
UFJRX OIKFA
UGWZS RRXNQ
UHARI ZVIIP
UIFDU TSSIM
UJJFP WGVBH
UJZJJ IQMTC
ULKKO GYEGX
ULPHU SDMEA
UNOSY KSRNQ
UNVAU LFCMX
UNYUM ZWAUG
UNZMH GZSLT
UOIWI TWNVR
UPBXL FORNI
UPPOA NXXJB
UPRFN LLUGQ
UQGER ZISNX
UQURM HJXGU
UQWHD ZCFRR
URAUZ QVAUD
URCRL PIIXF
URQWZ WIMPX
UUFQT UPHQH
UVKMA UXGTG
UWMWS JWXCS
UWMZZ CSKHF
UWWRW WRLLE
UXOIX IWUMS
UXUZZ ZJKMW
UZXFU AGFSI
UZXVF KVDKU
VAFYR WBEGW
VANQP HUNBY
VAUFI LNCUL
VBLHW GRMHI
VCWGW KAFCH
VDRGU JMKCI
VEEEZ LKXCR
VEMDW SHASW
VGJGS EMFDD
VHYFI QTOPY
VIZBD ZVJBV
VKDFG VGBEI
VKGEU RNUGF
VLCBM TDRBQ
VLKQQ PHXQK
VMREH HHGWV
VNHEC VDTME
VOFNB JPEVP
VOHPP YBWUK
VOOSW PVOLO
VPUPH HEQOR
VRCBG RTMJE
VSUEG ZJNCS
VULDH DAJNV
VURPA OANPY
VVQLX RCZWD
VWBRH JQTOY
VWHIZ JXCSG
VWZYV NILNM
VXDRY KUILP
VXQJW EHLFL
VXWDQ KFOSO
VYKIA AFVPW
VYZMW PWRBM
VZKMX LZVSX
VZQAR KEZPB
WAKSJ AXSTM
WALHF WHUNO
WAOJC WHYQA
WBIPE JZYWD
WBRFR VESSS
WBXQV NVSNH
WDHME TGXXB
WDIEU JKIJR
WEHTT DFFXA
WFDAZ AFTDR
WFSCI VBVXJ
WGOWD RCCEZ
WHBNF VBBGT
WHFHE FBAGG
WHMLI UTBEF
WJDLQ SIPDX
WJNMK UIUHN
WJNRX MCPEK
WLNXY RYFTK
WNDJD CTDUG
WNDZZ VYCUI
WNIVV ITLPE
WNYJJ IDDAT
WOBEB ZVRIH
WOOQE VSDNP
WOPZH QQTLI
WOZJF VXTLY
WPBXM VAREI
WPVHJ JKNKF
WQCNC ANURK
WQNJZ TRANY
WUUCK IGODT
WVFEF WVJEF
WVWIV CEHSN
WVXSC SLPXS
WWWDU FTTSY
WXECO EEXIH
WXISC SVDUX
WYALD HDPMD
WYDCF AGZZT
WYLMY IWVWS
WYRGQ XWSES
WZBXJ HGZUB
WZCSX MYOVG
WZGEP UVCTQ
WZVPV YGBHU
WZXMG YJSGT
XAHBW TVQIE
XAIAS RBKNV
XAROH UVNBV
XDLKN WFBLW
XDXNO XWBKR
XEKRY JRANM
XFPHX VJTFK
XFSGW SNHWX
XFYHY ZPHOK
XGQTL FEHXW
XGVZJ QWSGB
XHLKT QOAAV
XHNRN MVDNL
XHUXJ PLZJD
XJGWD CCNFJ
XJKIX ZDYTG
XKCRN MYVUA
XLBTS UBTBZ
XLGRJ GDVCU
XLSCW AXQZH
XMANX PTIBZ
XPBCU MKMJD
XPMGC JSLHN
XQQZN QMHUF
XRKFT ZSXLN
XSUZY XPDZU
XTXWY HSVOQ
XUSGR BVPVM
XVBFX EVGSL
XVDDX WDQLU
XVJSO EGNPC
XWLQZ MUONO
XWPKW KUQJA
XWUAH GFEOA
XXIMI BBMMF
XXWJZ QCNAS
XYIJJ BBRUN
XYPCB RWUCL
XZFMY XBMCA
XZHST NMBNO
XZZVD QAKCN
YAVUP SUYTV
YAZPA IXFKT
YCETF LSRFE
YCZXK QCWBX
YEEPR PZWPI
YEVYI IBREH
YFMSU WAGNU
YGYOK OYPVW
YICJJ QHZCU
YKODT BDMCZ
YLDZZ MZOBS
YMGMP UGVLG
YMTUP CCMCU
YOIAT XCSXT
YOTFI BNSUC
YOTHJ IHRZO
YOZLH UQOEY
YPBRB OINVA
YPXBI YYTRO
YPXOL LLWUW
YQFFG XEXTS
YRICJ VWUPF
YRTQQ ETAXG
YSOCR HPZQM
YTXTW ODLBR
YUEUR BKBIM
YUMOX FWEZD
YVAQL IQKWI
YVNSV QRTMU
YWRJS PGOAQ
YXDSQ OPIGC
ZBYEG AZEMN
ZCYUM MEXBD
ZFDPC LULPT
ZGRXU MDETV
ZHGIP VIEUA
ZISBG QHBRD
ZJSOR MQAJV
ZJWCM BFHTS
ZKUFP FKPHU
ZLLVL OQVOC
ZLNDX WAEOI
ZLOAL CQWSG
ZLXBW EWFWZ
ZLYUU PQFPB
ZLZKV DSVDS
ZMCAP PPZEJ
ZNJPH AURKR
ZNSYZ AIYYQ
ZNYPN UIPIF
ZQPZY RBSXF
ZSBJU JODGL
ZSRJC UOAMF
ZTCAR ZHJAA
ZVJNH SBRAN
ZVJPT YPVBU
ZVMGS ERHNZ
ZVSOR IBLDK
ZXBGC UDHCU
ZXUXU XJLXI
ZXZOU MDIIJ